available: 9 nodes (0-8)
node 0 cpus: 0 1 2 3 4 5 6 7 8 9 10 11 12 13 14 15 16 17 18 19 20 21 22 23 24 25 26 27 28 29 30 31 32 33 34 35 36 37 38 39 40 41 42 43 44 45 46 47 48 49 50 51 52 53 54 55 56 57 58 59 60 61 62 63 64 65 66 67 68 69 70 71
node 0 size: 490029 MB
node 0 free: 463853 MB
node 1 cpus:
node 1 size: 97280 MB
node 1 free: 97279 MB
node 2 cpus:
node 2 size: 0 MB
node 2 free: 0 MB
node 3 cpus:
node 3 size: 0 MB
node 3 free: 0 MB
node 4 cpus:
node 4 size: 0 MB
node 4 free: 0 MB
node 5 cpus:
node 5 size: 0 MB
node 5 free: 0 MB
node 6 cpus:
node 6 size: 0 MB
node 6 free: 0 MB
node 7 cpus:
node 7 size: 0 MB
node 7 free: 0 MB
node 8 cpus:
node 8 size: 0 MB
node 8 free: 0 MB
node distances:
node   0   1   2   3   4   5   6   7   8 
  0:  10  80  80  80  80  80  80  80  80 
  1:  80  10  255  255  255  255  255  255  255 
  2:  80  255  10  255  255  255  255  255  255 
  3:  80  255  255  10  255  255  255  255  255 
  4:  80  255  255  255  10  255  255  255  255 
  5:  80  255  255  255  255  10  255  255  255 
  6:  80  255  255  255  255  255  10  255  255 
  7:  80  255  255  255  255  255  255  10  255 
  8:  80  255  255  255  255  255  255  255  10 
